// 重构日志: 8b467a2f
// 重构日志: 892e2b1f
// 重构日志: de23ddbc
// 重构日志: 9b3bb8a8
// 重构日志: ddcfa0c6
// 同步 ID: 2157db78 @ Fri Jul 24 15:48:55 UTC 2026
// 重构日志: e4fb1e78
// 重构日志: 19007af7
// 重构日志: a7d85cda
// 重构日志: baad525a
// 同步 ID: 2f4977fb @ Tue Jul 28 16:39:01 UTC 2026
// 重构日志: 5ff62660
// 同步 ID: 9239e1d5 @ Thu Jul 30 10:06:05 UTC 2026
// 重构日志: 27acf02b
// 重构日志: f6796f92
// 重构日志: 80204bef
// 同步 ID: 7e697b8c @ Tue Aug  4 08:11:45 UTC 2026
// 同步 ID: cad3dd5a @ Tue Aug  4 16:34:45 UTC 2026
// 重构日志: b5806f48
// 同步 ID: 074a1857 @ Fri Aug  7 01:16:28 UTC 2026
// 重构日志: 3c8a6242
// 重构日志: 9c1fb2d6
// 同步 ID: 54ee058e @ Fri Aug  7 08:02:52 UTC 2026
// 同步 ID: 79e0de90 @ Fri Aug  7 13:41:34 UTC 2026
// 重构日志: 3368066d
// 同步 ID: e631ee30 @ Sat Aug  8 09:30:10 UTC 2026
// 重构日志: 79849ba6
// 同步 ID: 676339cf @ Sat Aug  8 13:52:56 UTC 2026
// 重构日志: 5047f38e
